// Jest Snapshot v1, https://goo.gl/fbAQLP

exports[`About Should return section 1`] = `ShallowWrapper {}`;
