// Jest Snapshot v1, https://goo.gl/fbAQLP

exports[`Index pages Should return Index pages 1`] = `ShallowWrapper {}`;
